
> mandi-dashboard@1.0.0 build
> next build

  Ôû▓ Next.js 14.2.18
  - Environments: .env.local

   Creating an optimized production build ...
> [PWA] Compile server
> [PWA] Compile server
> [PWA] Compile client (static)
> [PWA] Auto register service worker with: C:\MD_naved\mandikhata\node_modules\next-pwa\register.js
> [PWA] Service worker: C:\MD_naved\mandikhata\public\sw.js
> [PWA]   url: /sw.js
> [PWA]   scope: /
 Ô£ô Compiled successfully
   Linting and checking validity of types ...

./lib/db/repositories/customer.repo.js
161:1  Warning: Assign object to a variable before exporting as module default  import/no-anonymous-default-export

./lib/db/repositories/inventory.repo.js
156:1  Warning: Assign object to a variable before exporting as module default  import/no-anonymous-default-export

./lib/db/repositories/syncQueue.repo.js
78:1  Warning: Assign object to a variable before exporting as module default  import/no-anonymous-default-export

./lib/db/repositories/transaction.repo.js
197:1  Warning: Assign object to a variable before exporting as module default  import/no-anonymous-default-export

./lib/db-adapter.js
471:1  Warning: Assign object to a variable before exporting as module default  import/no-anonymous-default-export

./lib/sync/conflictResolver.js
100:1  Warning: Assign object to a variable before exporting as module default  import/no-anonymous-default-export

./lib/sync/deviceManager.js
75:1  Warning: Assign object to a variable before exporting as module default  import/no-anonymous-default-export

info  - Need to disable some ESLint rules? Learn more here: https://nextjs.org/docs/basic-features/eslint#disabling-rules
   Collecting page data ...
